ofat: 10 configurations, 95 runs; 56 already done ($81.25); 39 to go, estimated $27.15; budget $115
done not-warned_seed7: $0.49 (spent $81.73 of $115)
done opus_seed1: $1.43 (spent $83.16 of $115)
done guard-off_seed8: $0.52 (spent $83.69 of $115)
done susceptible-half_seed9: $0.55 (spent $84.23 of $115)
done guard-off_seed10: $0.54 (spent $84.78 of $115)
done guard-off_seed7: $0.57 (spent $85.35 of $115)
done baseline_seed7: $0.52 (spent $85.86 of $115)
done guard-silent_seed8: $0.52 (spent $86.38 of $115)
done hint-message_seed9: $0.59 (spent $86.98 of $115)
done susceptible-none_seed8: $0.56 (spent $87.54 of $115)
done susceptible-none_seed6: $0.57 (spent $88.11 of $115)
done hint-message_seed6: $0.51 (spent $88.62 of $115)
done not-warned_seed10: $0.55 (spent $89.17 of $115)
done hint-message_seed10: $0.60 (spent $89.76 of $115)
done susceptible-none_seed7: $0.51 (spent $90.27 of $115)
done baseline_seed6: $0.51 (spent $90.78 of $115)
done susceptible-half_seed6: $0.55 (spent $91.33 of $115)
done susceptible-half_seed8: $0.67 (spent $92.00 of $115)
done guard-silent_seed9: $0.63 (spent $92.63 of $115)
done susceptible-half_seed10: $0.59 (spent $93.22 of $115)
done guard-silent_seed6: $0.50 (spent $93.73 of $115)
done susceptible-none_seed9: $0.64 (spent $94.37 of $115)
done guard-silent_seed7: $0.54 (spent $94.91 of $115)
done susceptible-half_seed7: $0.54 (spent $95.44 of $115)
done not-warned_seed9: $0.68 (spent $96.12 of $115)
done hint-message_seed7: $0.58 (spent $96.70 of $115)
done not-warned_seed8: $0.54 (spent $97.24 of $115)
done baseline_seed9: $0.76 (spent $98.00 of $115)
done infected-40pct_seed6: $0.72 (spent $98.73 of $115)
done hint-message_seed8: $0.76 (spent $99.49 of $115)
done baseline_seed8: $0.72 (spent $100.21 of $115)
done infected-40pct_seed8: $0.85 (spent $101.07 of $115)
done susceptible-none_seed10: $0.84 (spent $101.91 of $115)
done infected-40pct_seed10: $0.93 (spent $102.84 of $115)
done infected-40pct_seed7: $0.76 (spent $103.61 of $115)
done baseline_seed10: $0.92 (spent $104.53 of $115)
done infected-40pct_seed9: $1.03 (spent $105.56 of $115)
FAILED opus_seed7 (exit -15; see opus_seed7.out)
done not-warned_seed6: $1.01 (spent $106.57 of $115)
Finished. Spent $106.57. Failed: opus_seed7
